// Jest Snapshot v1, https://goo.gl/fbAQLP

exports[`UserPage snapshot test renders the UI as expected 1`] = `
<div>
  <main
    role="main"
  >
    <header>
      <MainHeader />
      <p>
        Your Balance: $
         
      </p>
    </header>
    <label
      htmlFor="month"
    >
      Month 
    </label>
    <select
      name="month"
      onChange={[Function]}
    >
      <option
        value=""
      >
        Select Month
      </option>
      <option
        value="01"
      >
        January
      </option>
      <option
        value="02"
      >
        February
      </option>
      <option
        value="03"
      >
        March
      </option>
      <option
        value="04"
      >
        April
      </option>
      <option
        value="05"
      >
        May
      </option>
      <option
        value="06"
      >
        June
      </option>
      <option
        value="07"
      >
        July
      </option>
      <option
        value="08"
      >
        August
      </option>
      <option
        value="09"
      >
        September
      </option>
      <option
        value="10"
      >
        October
      </option>
      <option
        value="11"
      >
        November
      </option>
      <option
        value="12"
      >
        December
      </option>
    </select>
    <div>
      <label
        htmlFor="category"
      >
        Category 
      </label>
      <select
        name="category"
        onChange={[Function]}
      >
        <option
          value=""
        >
          Select Category 
        </option>
      </select>
    </div>
    <section>
      <TransactionTable
        headings={
          Array [
            "Date",
            "Title",
            "Amount",
            "Category",
          ]
        }
        rows={Array []}
      />
    </section>
    <Link
      to="entry"
    >
      <button>
        New Transaction
      </button>
    </Link>
  </main>
</div>
`;
