// Jest Snapshot v1, https://goo.gl/fbAQLP

exports[` 1`] = `
<div>
  <main
    role="main"
  >
    <header>
      <MainHeader />
      <h2>
        Delete Account
      </h2>
    </header>
    <section>
      <LoginForm
        onDeleteSuccess={[Function]}
      />
    </section>
  </main>
</div>
`;
